Summary of the tools:

spooftooph : Works maybe ? 
pi@raspberrypi:/usr/bin $ sudo spooftooph -i hci0 -a D05349495854
Manufacturer:   Broadcom Corporation (15)
Device address: B8:27:EB:FA:0D:98


bluesnarfer : Does not seem to be detecting anything
pi@raspberrypi:~/bluesnarfer $ sudo ./bluesnarfer -b C0EEFBE1EB37 -l
bluesnarfer: hci_create_connection failed
bluesnarfer: unable to get device name
bluesnarfer: open /dev/bluetooth/rfcomm/0, No such file or directory
bluesnarfer: bt_rfcomm_config failed
bluesnarfer: unable to create rfcomm connection
bluesnarfer: release rfcomm ok

Blue Hydra : Awesome 
pi@raspberrypi:~/blue_hydra $ sudo ./bin/blue_hydra 

pi@raspberrypi:~ $ sqlite3 blue_hydra/blue_hydra.db
.tables
pragma table_info(blue_hydra_devices);
select * from blue_hydra_devices where name="OnePlus 3";
select classic_rssi from blue_hydra_devices where name="OnePlus 3";

MAJ en continue :)


Blue Smash: Repose sur d'autres outils qui ne fonctionnent plus
pi@raspberrypi:~/Blue-Smash-v1.0e/tools $ sudo ./csr_sniffer -d hci0 -p -z -e
-> fonctionne mais n`affiche pas les sniff
pi@raspberrypi:~/Blue-Smash-v1.0e $ sudo python blue-smash-v1.0e.py 

A compiler : Blue Hell, Blue Diving

Btcrack:
pi@raspberrypi:~ $ btcrack 1 C0:EE:FB:E1:EB:37 1A:A5:D4:2C:54 btcrack-master/Pin_654321.csv 

Fonctionne mais il faut avoir la link key

hcidump : supposer sniffer mais ne fait rien

